
> unibox@1.0.0 build
> next build

Γû▓ Next.js 16.1.6 (Turbopack)
- Environments: .env.local, .env

  Creating an optimized production build ...
Γ£ô Compiled successfully in 4.2s
  Running TypeScript ...
Failed to compile.

./app/context/FilterContext.tsx:3:65
Type error: 'ReactNode' is a type and must be imported using a type-only import when 'verbatimModuleSyntax' is enabled.

  1 | 'use client';
  2 |
> 3 | import React, { createContext, useContext, useState, useEffect, ReactNode } from 'react';
    |                                                                 ^
  4 |
  5 | interface FilterContextType {
  6 |     selectedAccountId: string; // 'ALL' or a specific ID
Next.js build worker exited with code: 1 and signal: null
