app/projects/page.tsx(755,67): error TS2552: Cannot find name 'toggleSelectAll'. Did you mean 'toggleSelectEmail'?
app/projects/page.tsx(760,125): error TS2304: Cannot find name 'handleBulkDelete'.
app/projects/page.tsx(765,108): error TS2304: Cannot find name 'handleBulkMarkRead'.
